install prefix            /usr/local
source path               .
C compiler                gcc
C library                 glibc
ARCH                      x86 (generic)
big-endian                no
runtime cpu detection     yes
standalone assembly       no
x86 assembler             nasm
MMX enabled               yes
MMXEXT enabled            yes
3DNow! enabled            yes
3DNow! extended enabled   yes
SSE enabled               yes
SSSE3 enabled             yes
AESNI enabled             yes
AVX enabled               yes
AVX2 enabled              yes
AVX-512 enabled           yes
AVX-512ICL enabled        yes
XOP enabled               yes
FMA3 enabled              yes
FMA4 enabled              yes
i686 features enabled     yes
CMOV is fast              yes
EBX available             yes
EBP available             yes
debug symbols             no
strip symbols             yes
optimize for size         no
optimizations             yes
static                    yes
shared                    no
postprocessing support    no
network support           no
threading support         pthreads
safe bitstream reader     yes
texi2html enabled         no
perl enabled              no
pod2man enabled           no
makeinfo enabled          no
makeinfo supports HTML    no
xmllint enabled           no

External libraries:
iconv

External libraries providing hardware acceleration:

Libraries:
avcodec                 avformat                swscale
avdevice                avutil
avfilter                swresample

Programs:
ffmpeg                  ffprobe

Enabled decoders:
ffv1                    mpeg4                   pcm_s24le
h263                    pcm_s16le

Enabled encoders:
pcm_s16le               rawvideo

Enabled hwaccels:

Enabled parsers:
h263

Enabled demuxers:
avi                     matroska

Enabled muxers:
null                    pcm_s16le               rawvideo

Enabled protocols:
file                    pipe

Enabled filters:
aformat                 crop                    rotate
anull                   format                  transpose
aresample               hflip                   trim
atrim                   null                    vflip

Enabled bsfs:

Enabled indevs:

Enabled outdevs:

License: LGPL version 2.1 or later

WARNING: pkg-config not found, library detection may fail.
GEN	libavdevice/libavdevice.version
GEN	libavfilter/libavfilter.version
GEN	libavformat/libavformat.version
GEN	libavcodec/libavcodec.version
GEN	libswresample/libswresample.version
GEN	libswscale/libswscale.version
GEN	libavutil/libavutil.version
CC	libavdevice/alldevices.o
CC	libavdevice/avdevice.o
CC	libavdevice/utils.o
CC	libavdevice/version.o
GEN	libavdevice/libavdevice.pc
CC	libavfilter/af_aformat.o
CC	libavfilter/af_anull.o
CC	libavfilter/af_aresample.o
CC	libavfilter/allfilters.o
CC	libavfilter/audio.o
CC	libavfilter/avfilter.o
CC	libavfilter/avfiltergraph.o
CC	libavfilter/buffersink.o
CC	libavfilter/buffersrc.o
CC	libavfilter/ccfifo.o
CC	libavfilter/colorspace.o
CC	libavfilter/drawutils.o
CC	libavfilter/formats.o
CC	libavfilter/framepool.o
CC	libavfilter/framequeue.o
CC	libavfilter/graphdump.o
CC	libavfilter/graphparser.o
CC	libavfilter/pthread.o
CC	libavfilter/trim.o
CC	libavfilter/version.o
CC	libavfilter/vf_crop.o
CC	libavfilter/vf_format.o
CC	libavfilter/vf_hflip.o
CC	libavfilter/vf_null.o
CC	libavfilter/vf_rotate.o
CC	libavfilter/vf_transpose.o
CC	libavfilter/vf_vflip.o
CC	libavfilter/video.o
CC	libavfilter/x86/vf_hflip_init.o
CC	libavfilter/x86/vf_transpose_init.o
GEN	libavfilter/libavfilter.pc
CC	libavformat/allformats.o
CC	libavformat/avformat.o
CC	libavformat/avidec.o
CC	libavformat/avio.o
libavformat/avidec.c: In function 'read_gab2_sub':
libavformat/avidec.c:1131:9: warning: ISO C90 forbids mixed declarations and code [-Wdeclaration-after-statement]
 1131 |         AVIOContext *pb = avio_alloc_context(pkt->data + 7,
      |         ^~~~~~~~~~~
libavformat/avidec.c: In function 'avi_load_index':
libavformat/avidec.c:1837:13: warning: ISO C90 forbids mixed declarations and code [-Wdeclaration-after-statement]
 1837 |             uint32_t tag1 = avio_rl32(pb);
      |             ^~~~~~~~
CC	libavformat/aviobuf.o
CC	libavformat/demux.o
CC	libavformat/demux_utils.o
libavformat/demux.c: In function 'read_frame_internal':
libavformat/demux.c:1389:9: warning: ISO C90 forbids mixed declarations and code [-Wdeclaration-after-statement]
 1389 |         int new_extradata = !!av_packet_side_data_get(pkt->side_data, pkt->side_data_elems,
      |         ^~~
CC	libavformat/dovi_isom.o
CC	libavformat/dump.o
CC	libavformat/dv.o
CC	libavformat/file.o
CC	libavformat/flac_picture.o
CC	libavformat/format.o
CC	libavformat/id3v1.o
CC	libavformat/id3v2.o
CC	libavformat/isom_tags.o
CC	libavformat/matroska.o
CC	libavformat/matroskadec.o
CC	libavformat/metadata.o
CC	libavformat/mux.o
CC	libavformat/mux_utils.o
CC	libavformat/nullenc.o
CC	libavformat/oggparsevorbis.o
CC	libavformat/options.o
CC	libavformat/os_support.o
CC	libavformat/pcmenc.o
CC	libavformat/protocols.o
CC	libavformat/qtpalette.o
CC	libavformat/rawenc.o
CC	libavformat/replaygain.o
CC	libavformat/riff.o
CC	libavformat/riffdec.o
CC	libavformat/rmsipr.o
CC	libavformat/sdp.o
CC	libavformat/seek.o
CC	libavformat/url.o
CC	libavformat/utils.o
CC	libavformat/version.o
CC	libavformat/vorbiscomment.o
GEN	libavformat/libavformat.pc
CC	libavcodec/ac3_parser.o
libavformat/vorbiscomment.c: In function 'ff_vorbiscomment_write':
libavformat/vorbiscomment.c:103:63: warning: '%03d' directive output may be truncated writing between 3 and 10 bytes into a region of size 4 [-Wformat-truncation=]
  103 |             snprintf(chapter_number, sizeof(chapter_number), "%03d", i);
      |                                                               ^~~~
libavformat/vorbiscomment.c:103:62: note: directive argument in the range [0, 2147483647]
  103 |             snprintf(chapter_number, sizeof(chapter_number), "%03d", i);
      |                                                              ^~~~~~
libavformat/vorbiscomment.c:103:13: note: 'snprintf' output between 4 and 11 bytes into a destination of size 4
  103 |             snprintf(chapter_number, sizeof(chapter_number), "%03d", i);
      |             ^~~~~~~~~~~~~~~~~~~~~~~~~~~~~~~~~~~~~~~~~~~~~~~~~~~~~~~~~~~
libavformat/vorbiscomment.c:104:69: warning: '%02d' directive output may be truncated writing between 2 and 3 bytes into a region of size between 1 and 7 [-Wformat-truncation=]
  104 |             snprintf(chapter_time, sizeof(chapter_time), "%02d:%02d:%02d.%03d", h, m, s, ms);
      |                                                                     ^~~~
libavformat/vorbiscomment.c:104:58: note: directive argument in the range [-59, 59]
  104 |             snprintf(chapter_time, sizeof(chapter_time), "%02d:%02d:%02d.%03d", h, m, s, ms);
      |                                                          ^~~~~~~~~~~~~~~~~~~~~
libavformat/vorbiscomment.c:104:58: note: directive argument in the range [-999, 999]
libavformat/vorbiscomment.c:104:13: note: 'snprintf' output between 13 and 21 bytes into a destination of size 13
  104 |             snprintf(chapter_time, sizeof(chapter_time), "%02d:%02d:%02d.%03d", h, m, s, ms);
      |             ^~~~~~~~~~~~~~~~~~~~~~~~~~~~~~~~~~~~~~~~~~~~~~~~~~~~~~~~~~~~~~~~~~~~~~~~~~~~~~~~
CC	libavcodec/adts_parser.o
CC	libavcodec/allcodecs.o
CC	libavcodec/avcodec.o
CC	libavcodec/avdct.o
CC	libavcodec/avfft.o
CC	libavcodec/bitstream.o
CC	libavcodec/bitstream_filters.o
CC	libavcodec/blockdsp.o
CC	libavcodec/bsf.o
CC	libavcodec/codec_desc.o
CC	libavcodec/codec_par.o
CC	libavcodec/d3d11va.o
CC	libavcodec/decode.o
CC	libavcodec/dirac.o
CC	libavcodec/dv_profile.o
CC	libavcodec/encode.o
CC	libavcodec/error_resilience.o
CC	libavcodec/exif.o
CC	libavcodec/faandct.o
CC	libavcodec/faanidct.o
CC	libavcodec/fdctdsp.o
CC	libavcodec/ffv1.o
CC	libavcodec/ffv1dec.o
CC	libavcodec/frame_thread_encoder.o
CC	libavcodec/get_buffer.o
CC	libavcodec/h263.o
CC	libavcodec/h263_parser.o
CC	libavcodec/h263data.o
CC	libavcodec/h263dec.o
CC	libavcodec/h263dsp.o
libavcodec/h263dec.c: In function 'ff_h263_decode_frame':
libavcodec/h263dec.c:649:1: warning: label 'frame_end' defined but not used [-Wunused-label]
  649 | frame_end:
      | ^~~~~~~~~
CC	libavcodec/h264chroma.o
CC	libavcodec/hpeldsp.o
CC	libavcodec/idctdsp.o
CC	libavcodec/imgconvert.o
CC	libavcodec/ituh263dec.o
CC	libavcodec/jfdctfst.o
CC	libavcodec/jfdctint.o
CC	libavcodec/jni.o
CC	libavcodec/jrevdct.o
CC	libavcodec/mathtables.o
libavcodec/jrevdct.c:215:28: warning: argument 1 of type 'int16_t[64]' {aka 'short int[64]'} with mismatched bound [-Warray-parameter=]
  215 | void ff_j_rev_dct(DCTBLOCK data)
      |                   ~~~~~~~~~^~~~
In file included from libavcodec/jrevdct.c:70:
libavcodec/dct.h:30:28: note: previously declared as 'int16_t *' {aka 'short int *'}
   30 | void ff_j_rev_dct(int16_t *data);
      |                   ~~~~~~~~~^~~~
libavcodec/jrevdct.c:953:29: warning: argument 1 of type 'int16_t[64]' {aka 'short int[64]'} with mismatched bound [-Warray-parameter=]
  953 | void ff_j_rev_dct4(DCTBLOCK data)
      |                    ~~~~~~~~~^~~~
libavcodec/dct.h:31:29: note: previously declared as 'int16_t *' {aka 'short int *'}
   31 | void ff_j_rev_dct4(int16_t *data);
      |                    ~~~~~~~~~^~~~
libavcodec/jrevdct.c:1140:29: warning: argument 1 of type 'int16_t[64]' {aka 'short int[64]'} with mismatched bound [-Warray-parameter=]
 1140 | void ff_j_rev_dct2(DCTBLOCK data){
      |                    ~~~~~~~~~^~~~
libavcodec/dct.h:32:29: note: previously declared as 'int16_t *' {aka 'short int *'}
   32 | void ff_j_rev_dct2(int16_t *data);
      |                    ~~~~~~~~~^~~~
libavcodec/jrevdct.c:1155:29: warning: argument 1 of type 'int16_t[64]' {aka 'short int[64]'} with mismatched bound [-Warray-parameter=]
 1155 | void ff_j_rev_dct1(DCTBLOCK data){
      |                    ~~~~~~~~~^~~~
libavcodec/dct.h:33:29: note: previously declared as 'int16_t *' {aka 'short int *'}
   33 | void ff_j_rev_dct1(int16_t *data);
      |                    ~~~~~~~~~^~~~
CC	libavcodec/me_cmp.o
CC	libavcodec/mediacodec.o
CC	libavcodec/mpeg12framerate.o
CC	libavcodec/mpeg4video.o
CC	libavcodec/mpeg4videodec.o
CC	libavcodec/mpeg4videodsp.o
CC	libavcodec/mpeg_er.o
CC	libavcodec/mpegpicture.o
CC	libavcodec/mpegutils.o
CC	libavcodec/mpegvideo.o
CC	libavcodec/mpegvideo_dec.o
CC	libavcodec/mpegvideo_motion.o
CC	libavcodec/mpegvideodata.o
CC	libavcodec/options.o
CC	libavcodec/packet.o
CC	libavcodec/parser.o
CC	libavcodec/parsers.o
CC	libavcodec/pcm.o
libavcodec/pcm.c: In function 'pcm_decode_init':
libavcodec/pcm.c:287:5: warning: 'sample_fmts' is deprecated [-Wdeprecated-declarations]
  287 |     avctx->sample_fmt = avctx->codec->sample_fmts[0];
      |     ^~~~~
In file included from libavcodec/avcodec.h:41,
                 from libavcodec/pcm.c:34:
libavcodec/codec.h:219:32: note: declared here
  219 |     const enum AVSampleFormat *sample_fmts; ///< @deprecated use avcodec_get_supported_config()
      |                                ^~~~~~~~~~~
CC	libavcodec/profiles.o
CC	libavcodec/pthread.o
CC	libavcodec/pthread_frame.o
CC	libavcodec/pthread_slice.o
CC	libavcodec/qpeldsp.o
CC	libavcodec/qsv_api.o
CC	libavcodec/rangecoder.o
CC	libavcodec/raw.o
CC	libavcodec/rawenc.o
CC	libavcodec/refstruct.o
CC	libavcodec/rl.o
CC	libavcodec/simple_idct.o
CC	libavcodec/threadprogress.o
CC	libavcodec/tiff_common.o
CC	libavcodec/to_upper4.o
CC	libavcodec/utils.o
CC	libavcodec/version.o
CC	libavcodec/videodsp.o
CC	libavcodec/vlc.o
CC	libavcodec/vorbis_parser.o
CC	libavcodec/x86/blockdsp_init.o
CC	libavcodec/x86/constants.o
CC	libavcodec/x86/fdct.o
CC	libavcodec/x86/fdctdsp_init.o
CC	libavcodec/x86/h263dsp_init.o
CC	libavcodec/x86/h264chroma_init.o
CC	libavcodec/x86/hpeldsp_init.o
CC	libavcodec/x86/idctdsp_init.o
CC	libavcodec/x86/me_cmp_init.o
CC	libavcodec/x86/mpeg4videodsp.o
In function 'add_level',
    inlined from 'add_level' at libavcodec/vlc.c:457:17,
    inlined from 'add_level' at libavcodec/vlc.c:457:17,
    inlined from 'add_level' at libavcodec/vlc.c:457:17,
    inlined from 'vlc_multi_gen' at libavcodec/vlc.c:508:5,
    inlined from 'ff_vlc_init_multi_from_lengths' at libavcodec/vlc.c:564:11:
libavcodec/vlc.c:443:36: warning: array subscript 3 is above array bounds of 'uint16_t[3]' {aka 'short unsigned int[3]'} [-Warray-bounds=]
  443 |             if (is16bit) info.val16[curlevel] = sym;
      |                          ~~~~~~~~~~^~~~~~~~~~
In file included from libavcodec/vlc.c:39:
libavcodec/vlc.h: In function 'ff_vlc_init_multi_from_lengths':
libavcodec/vlc.h:45:18: note: while referencing 'val16'
   45 |         uint16_t val16[VLC_MULTI_MAX_SYMBOLS / 2];
      |                  ^~~~~
In function 'add_level',
    inlined from 'add_level' at libavcodec/vlc.c:457:17,
    inlined from 'add_level' at libavcodec/vlc.c:457:17,
    inlined from 'add_level' at libavcodec/vlc.c:457:17,
    inlined from 'add_level' at libavcodec/vlc.c:457:17,
    inlined from 'vlc_multi_gen' at libavcodec/vlc.c:508:5,
    inlined from 'ff_vlc_init_multi_from_lengths' at libavcodec/vlc.c:564:11:
libavcodec/vlc.c:443:36: warning: array subscript 4 is above array bounds of 'uint16_t[3]' {aka 'short unsigned int[3]'} [-Warray-bounds=]
  443 |             if (is16bit) info.val16[curlevel] = sym;
      |                          ~~~~~~~~~~^~~~~~~~~~
libavcodec/vlc.h: In function 'ff_vlc_init_multi_from_lengths':
libavcodec/vlc.h:45:18: note: while referencing 'val16'
   45 |         uint16_t val16[VLC_MULTI_MAX_SYMBOLS / 2];
      |                  ^~~~~
In function 'add_level',
    inlined from 'add_level' at libavcodec/vlc.c:457:17,
    inlined from 'add_level' at libavcodec/vlc.c:457:17,
    inlined from 'add_level' at libavcodec/vlc.c:457:17,
    inlined from 'add_level' at libavcodec/vlc.c:457:17,
    inlined from 'add_level' at libavcodec/vlc.c:457:17,
    inlined from 'vlc_multi_gen' at libavcodec/vlc.c:508:5,
    inlined from 'ff_vlc_init_multi_from_lengths' at libavcodec/vlc.c:564:11:
libavcodec/vlc.c:443:36: warning: array subscript 5 is above array bounds of 'uint16_t[3]' {aka 'short unsigned int[3]'} [-Warray-bounds=]
  443 |             if (is16bit) info.val16[curlevel] = sym;
      |                          ~~~~~~~~~~^~~~~~~~~~
libavcodec/vlc.h: In function 'ff_vlc_init_multi_from_lengths':
libavcodec/vlc.h:45:18: note: while referencing 'val16'
   45 |         uint16_t val16[VLC_MULTI_MAX_SYMBOLS / 2];
      |                  ^~~~~
CC	libavcodec/x86/mpegvideo.o
CC	libavcodec/x86/qpeldsp_init.o
CC	libavcodec/x86/videodsp_init.o
CC	libavcodec/x86/xvididct_init.o
CC	libavcodec/xiph.o
CC	libavcodec/xvididct.o
CC	libavcodec/mpeg4audio_sample_rates.o
GEN	libavcodec/libavcodec.pc
CC	libswresample/audioconvert.o
CC	libswresample/dither.o
CC	libswresample/options.o
CC	libswresample/rematrix.o
CC	libswresample/resample.o
CC	libswresample/resample_dsp.o
CC	libswresample/swresample.o
CC	libswresample/swresample_frame.o
CC	libswresample/version.o
CC	libswresample/x86/audio_convert_init.o
CC	libswresample/x86/rematrix_init.o
CC	libswresample/x86/resample_init.o
GEN	libswresample/libswresample.pc
CC	libswscale/alphablend.o
CC	libswscale/gamma.o
CC	libswscale/half2float.o
CC	libswscale/hscale.o
CC	libswscale/hscale_fast_bilinear.o
CC	libswscale/input.o
CC	libswscale/options.o
CC	libswscale/output.o
CC	libswscale/rgb2rgb.o
CC	libswscale/slice.o
CC	libswscale/swscale.o
CC	libswscale/swscale_unscaled.o
CC	libswscale/utils.o
libswscale/utils.c: In function 'sws_init_single_context':
libswscale/utils.c:1422:5: warning: ISO C90 forbids mixed declarations and code [-Wdeclaration-after-statement]
 1422 |     int64_t lumXInc      = (((int64_t)srcW << 16) + (dstW >> 1)) / dstW;
      |     ^~~~~~~
libswscale/utils.c:1594:5: warning: ISO C90 forbids mixed declarations and code [-Wdeclaration-after-statement]
 1594 |     int64_t chrXInc = (((int64_t)c->chrSrcW << 16) + (c->chrDstW >> 1)) / c->chrDstW;
      |     ^~~~~~~
libswscale/utils.c:1916:9: warning: ISO C90 forbids mixed declarations and code [-Wdeclaration-after-statement]
 1916 |         int usecascade = (ret == RETCODE_USE_CASCADE);
      |         ^~~
CC	libswscale/version.o
CC	libswscale/vscale.o
CC	libswscale/x86/hscale_fast_bilinear_simd.o
CC	libswscale/x86/rgb2rgb.o
CC	libswscale/x86/swscale.o
CC	libswscale/x86/yuv2rgb.o
CC	libswscale/yuv2rgb.o
GEN	libswscale/libswscale.pc
CC	libavutil/adler32.o
CC	libavutil/aes.o
CC	libavutil/aes_ctr.o
CC	libavutil/ambient_viewing_environment.o
CC	libavutil/audio_fifo.o
CC	libavutil/avsscanf.o
CC	libavutil/avstring.o
CC	libavutil/base64.o
CC	libavutil/blowfish.o
CC	libavutil/bprint.o
CC	libavutil/buffer.o
CC	libavutil/camellia.o
CC	libavutil/cast5.o
CC	libavutil/channel_layout.o
CC	libavutil/cpu.o
CC	libavutil/crc.o
CC	libavutil/csp.o
CC	libavutil/des.o
CC	libavutil/detection_bbox.o
CC	libavutil/dict.o
CC	libavutil/display.o
CC	libavutil/dovi_meta.o
CC	libavutil/downmix_info.o
CC	libavutil/encryption_info.o
CC	libavutil/error.o
CC	libavutil/eval.o
CC	libavutil/executor.o
libavutil/eval.c: In function 'make_eval_expr':
libavutil/eval.c:546:5: warning: ISO C90 forbids mixed declarations and code [-Wdeclaration-after-statement]
  546 |     AVExpr *e = av_mallocz(sizeof(AVExpr));
      |     ^~~~~~
CC	libavutil/fifo.o
CC	libavutil/file.o
CC	libavutil/file_open.o
CC	libavutil/film_grain_params.o
CC	libavutil/fixed_dsp.o
CC	libavutil/float_dsp.o
CC	libavutil/frame.o
CC	libavutil/hash.o
CC	libavutil/hdr_dynamic_metadata.o
CC	libavutil/hdr_dynamic_vivid_metadata.o
CC	libavutil/hmac.o
CC	libavutil/hwcontext.o
CC	libavutil/hwcontext_stub.o
CC	libavutil/iamf.o
CC	libavutil/imgutils.o
CC	libavutil/integer.o
CC	libavutil/intmath.o
CC	libavutil/lfg.o
CC	libavutil/lls.o
CC	libavutil/log.o
CC	libavutil/log2_tab.o
CC	libavutil/lzo.o
CC	libavutil/mastering_display_metadata.o
CC	libavutil/mathematics.o
CC	libavutil/md5.o
CC	libavutil/mem.o
CC	libavutil/murmur3.o
CC	libavutil/opt.o
CC	libavutil/parseutils.o
CC	libavutil/pixdesc.o
CC	libavutil/pixelutils.o
CC	libavutil/random_seed.o
CC	libavutil/rational.o
CC	libavutil/rc4.o
CC	libavutil/reverse.o
CC	libavutil/ripemd.o
CC	libavutil/samplefmt.o
CC	libavutil/sha.o
CC	libavutil/sha512.o
CC	libavutil/slicethread.o
CC	libavutil/spherical.o
CC	libavutil/stereo3d.o
CC	libavutil/tea.o
CC	libavutil/threadmessage.o
CC	libavutil/time.o
CC	libavutil/timecode.o
CC	libavutil/timestamp.o
CC	libavutil/tree.o
CC	libavutil/twofish.o
CC	libavutil/tx.o
CC	libavutil/tx_double.o
CC	libavutil/tx_float.o
CC	libavutil/tx_int32.o
CC	libavutil/utils.o
CC	libavutil/uuid.o
CC	libavutil/version.o
CC	libavutil/video_enc_params.o
CC	libavutil/video_hint.o
CC	libavutil/x86/cpu.o
CC	libavutil/x86/fixed_dsp_init.o
CC	libavutil/x86/float_dsp_init.o
CC	libavutil/x86/imgutils_init.o
CC	libavutil/x86/lls_init.o
CC	libavutil/xga_font_data.o
CC	libavutil/xtea.o
GEN	libavutil/libavutil.pc
CC	fftools/ffmpeg_dec.o
CC	fftools/ffmpeg_demux.o
CC	fftools/ffmpeg_enc.o
CC	fftools/ffmpeg_filter.o
CC	fftools/ffmpeg_hw.o
CC	fftools/ffmpeg_mux.o
CC	fftools/ffmpeg_mux_init.o
CC	fftools/ffmpeg_opt.o
CC	fftools/ffmpeg_sched.o
CC	fftools/objpool.o
CC	fftools/sync_queue.o
CC	fftools/thread_queue.o
CC	fftools/cmdutils.o
CC	fftools/opt_common.o
CC	fftools/ffmpeg.o
CC	fftools/ffprobe.o
AR	libavdevice/libavdevice.a
AR	libavfilter/libavfilter.a
AR	libavformat/libavformat.a
AR	libavcodec/libavcodec.a
AR	libswresample/libswresample.a
AR	libswscale/libswscale.a
AR	libavutil/libavutil.a
LD	ffmpeg_g
STRIP	ffmpeg
LD	ffprobe_g
STRIP	ffprobe
